// Jest Snapshot v1, https://goo.gl/fbAQLP

exports[`<Cell /> rendering Initial board and win state matches snapshot when all lights are on 1`] = `
<DocumentFragment>
  <table
    class="Board"
  >
    <tbody>
      <tr>
        <td
          class="Cell Cell-lit"
        />
        <td
          class="Cell Cell-lit"
        />
        <td
          class="Cell Cell-lit"
        />
        <td
          class="Cell Cell-lit"
        />
        <td
          class="Cell Cell-lit"
        />
      </tr>
      <tr>
        <td
          class="Cell Cell-lit"
        />
        <td
          class="Cell Cell-lit"
        />
        <td
          class="Cell Cell-lit"
        />
        <td
          class="Cell Cell-lit"
        />
        <td
          class="Cell Cell-lit"
        />
      </tr>
      <tr>
        <td
          class="Cell Cell-lit"
        />
        <td
          class="Cell Cell-lit"
        />
        <td
          class="Cell Cell-lit"
        />
        <td
          class="Cell Cell-lit"
        />
        <td
          class="Cell Cell-lit"
        />
      </tr>
      <tr>
        <td
          class="Cell Cell-lit"
        />
        <td
          class="Cell Cell-lit"
        />
        <td
          class="Cell Cell-lit"
        />
        <td
          class="Cell Cell-lit"
        />
        <td
          class="Cell Cell-lit"
        />
      </tr>
      <tr>
        <td
          class="Cell Cell-lit"
        />
        <td
          class="Cell Cell-lit"
        />
        <td
          class="Cell Cell-lit"
        />
        <td
          class="Cell Cell-lit"
        />
        <td
          class="Cell Cell-lit"
        />
      </tr>
    </tbody>
  </table>
</DocumentFragment>
`;

exports[`<Cell /> rendering Initial board and win state matches snapshot when all lights are out 1`] = `
<DocumentFragment>
  <div>
     You won the game! 
  </div>
</DocumentFragment>
`;
